<?xml version="1.0" encoding="UTF-8"?>
<TestRun id="43b164f2-cc78-4a56-8255-e410bcd98b87" name="Devlin@DEVLIN-LAPTOP 2011-03-25 00:34:28" runUser="Devlin-Laptop\Devlin" xmlns="http://microsoft.com/schemas/VisualStudio/TeamTest/2010">
  <TestSettings name="Default Test Settings" id="c47a6634-31e6-475a-9ea3-edc0c818a9e6">
    <Deployment runDeploymentRoot="Devlin_DEVLIN-LAPTOP 2011-03-25 00_34_28">
      <DeploymentItem filename="D:\Code\Fun\EventServer\EventServer.git\src\EventServer.Core\bin\Debug\EventServer.Core.dll" />
      <DeploymentItem filename="D:\Code\Fun\EventServer\EventServer.git\src\EventServer.Infrastructure\bin\Debug\EventServer.Infrastructure.dll" />
      <DeploymentItem filename="D:\Code\Fun\EventServer\EventServer.git\src\EventServer.Build\Dependancies\RhinoMocks\Rhino.Mocks.dll" />
      <DeploymentItem filename="D:\Code\Fun\EventServer\EventServer.git\src\EventServer.UI\bin\EventServer.UI.dll" />
    </Deployment>
    <Execution>
      <TestTypeSpecific />
      <AgentRule name="Execution Agents">
      </AgentRule>
    </Execution>
  </TestSettings>
  <Times creation="2011-03-25T00:34:28.9450594-05:00" queuing="2011-03-25T00:34:29.5130919-05:00" start="2011-03-25T00:34:29.5240925-05:00" finish="2011-03-25T00:34:30.7181608-05:00" />
  <ResultSummary outcome="Completed">
    <Counters total="23" executed="23" passed="23" error="0" failed="0" timeout="0" aborted="0" inconclusive="0" passedButRunAborted="0" notRunnable="0" notExecuted="0" disconnected="0" warning="0" completed="0" inProgress="0" pending="0" />
  </ResultSummary>
  <TestDefinitions>
    <UnitTest name="Should_get_next_hi_on_first_pull" storage="d:\code\fun\eventserver\eventserver.git\src\eventserver.tests\bin\debug\eventserver.tests.dll" id="00bb40d4-4eae-f4bd-6457-e2e20288c636">
      <Execution id="fb8ed9e1-ef3f-4dd3-8b93-c81eea40d539" />
      <TestMethod codeBase="D:\Code\Fun\EventServer\EventServer.git\src\EventServer.Tests\bin\Debug\EventServer.Tests.dll" adapterTypeName="Microsoft.VisualStudio.TestTools.TestTypes.Unit.UnitTestAdapter, Microsoft.VisualStudio.QualityTools.Tips.UnitTest.Adapter, Version=10.0.0.0, Culture=neutral, PublicKeyToken=b03f5f7f11d50a3a" className="EventServer.Tests.Core.IdGeneratorTests.When_getting_new_ids, EventServer.Tests" name="Should_get_next_hi_on_first_pull" />
    </UnitTest>
    <UnitTest name="LogOn_Post_ReturnsViewIfModelStateIsInvalid" storage="d:\code\fun\eventserver\eventserver.git\src\eventserver.tests\bin\debug\eventserver.tests.dll" id="6b0b77b8-93b2-557e-c9c9-adb3fc24f2dd">
      <Execution id="09ccac87-84d4-4c7e-a119-9f847ea87b63" />
      <TestMethod codeBase="D:\Code\Fun\EventServer\EventServer.git\src\EventServer.Tests\bin\Debug\EventServer.Tests.dll" adapterTypeName="Microsoft.VisualStudio.TestTools.TestTypes.Unit.UnitTestAdapter, Microsoft.VisualStudio.QualityTools.Tips.UnitTest.Adapter, Version=10.0.0.0, Culture=neutral, PublicKeyToken=b03f5f7f11d50a3a" className="EventServer.Tests.Controllers.AccountControllerTest, EventServer.Tests" name="LogOn_Post_ReturnsViewIfModelStateIsInvalid" />
    </UnitTest>
    <UnitTest name="Register_Post_ReturnsRedirectOnSuccess" storage="d:\code\fun\eventserver\eventserver.git\src\eventserver.tests\bin\debug\eventserver.tests.dll" id="87c4c742-10dd-164c-7627-63c27963fbe0">
      <Execution id="e8c95aa2-b922-4387-80e4-c622f4f9b23b" />
      <TestMethod codeBase="D:\Code\Fun\EventServer\EventServer.git\src\EventServer.Tests\bin\Debug\EventServer.Tests.dll" adapterTypeName="Microsoft.VisualStudio.TestTools.TestTypes.Unit.UnitTestAdapter, Microsoft.VisualStudio.QualityTools.Tips.UnitTest.Adapter, Version=10.0.0.0, Culture=neutral, PublicKeyToken=b03f5f7f11d50a3a" className="EventServer.Tests.Controllers.AccountControllerTest, EventServer.Tests" name="Register_Post_ReturnsRedirectOnSuccess" />
    </UnitTest>
    <UnitTest name="ChangePassword_Get_ReturnsView" storage="d:\code\fun\eventserver\eventserver.git\src\eventserver.tests\bin\debug\eventserver.tests.dll" id="71a06554-1be1-78da-36c6-15ae22f77bf8">
      <Execution id="0790dd3c-e5db-425e-a1d2-fb10413b3685" />
      <TestMethod codeBase="D:\Code\Fun\EventServer\EventServer.git\src\EventServer.Tests\bin\Debug\EventServer.Tests.dll" adapterTypeName="Microsoft.VisualStudio.TestTools.TestTypes.Unit.UnitTestAdapter, Microsoft.VisualStudio.QualityTools.Tips.UnitTest.Adapter, Version=10.0.0.0, Culture=neutral, PublicKeyToken=b03f5f7f11d50a3a" className="EventServer.Tests.Controllers.AccountControllerTest, EventServer.Tests" name="ChangePassword_Get_ReturnsView" />
    </UnitTest>
    <UnitTest name="Can_deserialize_into_object_with_new_properties" storage="d:\code\fun\eventserver\eventserver.git\src\eventserver.tests\bin\debug\eventserver.tests.dll" id="98968efc-863c-8111-be46-b43a76bccbfe">
      <Execution id="a0cef0ce-de15-4ec2-9f67-8da7a8d1940a" />
      <TestMethod codeBase="D:\Code\Fun\EventServer\EventServer.git\src\EventServer.Tests\bin\Debug\EventServer.Tests.dll" adapterTypeName="Microsoft.VisualStudio.TestTools.TestTypes.Unit.UnitTestAdapter, Microsoft.VisualStudio.QualityTools.Tips.UnitTest.Adapter, Version=10.0.0.0, Culture=neutral, PublicKeyToken=b03f5f7f11d50a3a" className="EventServer.Tests.ExtensionMethodsTests.SerializationTests, EventServer.Tests" name="Can_deserialize_into_object_with_new_properties" />
    </UnitTest>
    <UnitTest name="ChangePassword_Post_ReturnsViewIfModelStateIsInvalid" storage="d:\code\fun\eventserver\eventserver.git\src\eventserver.tests\bin\debug\eventserver.tests.dll" id="f7c995b3-edd6-e63c-f3ee-411e16612ce1">
      <Execution id="5e59bf7c-cf1e-486f-969a-ab54f0eec8e4" />
      <TestMethod codeBase="D:\Code\Fun\EventServer\EventServer.git\src\EventServer.Tests\bin\Debug\EventServer.Tests.dll" adapterTypeName="Microsoft.VisualStudio.TestTools.TestTypes.Unit.UnitTestAdapter, Microsoft.VisualStudio.QualityTools.Tips.UnitTest.Adapter, Version=10.0.0.0, Culture=neutral, PublicKeyToken=b03f5f7f11d50a3a" className="EventServer.Tests.Controllers.AccountControllerTest, EventServer.Tests" name="ChangePassword_Post_ReturnsViewIfModelStateIsInvalid" />
    </UnitTest>
    <UnitTest name="Register_Post_ReturnsViewIfModelStateIsInvalid" storage="d:\code\fun\eventserver\eventserver.git\src\eventserver.tests\bin\debug\eventserver.tests.dll" id="fb367bb1-a3b9-0d11-5961-23f8b263f8f5">
      <Execution id="8329b9cc-9239-42ef-8f5b-a6cc365eb143" />
      <TestMethod codeBase="D:\Code\Fun\EventServer\EventServer.git\src\EventServer.Tests\bin\Debug\EventServer.Tests.dll" adapterTypeName="Microsoft.VisualStudio.TestTools.TestTypes.Unit.UnitTestAdapter, Microsoft.VisualStudio.QualityTools.Tips.UnitTest.Adapter, Version=10.0.0.0, Culture=neutral, PublicKeyToken=b03f5f7f11d50a3a" className="EventServer.Tests.Controllers.AccountControllerTest, EventServer.Tests" name="Register_Post_ReturnsViewIfModelStateIsInvalid" />
    </UnitTest>
    <UnitTest name="Can_deserialize_into_object_with_missing_properties" storage="d:\code\fun\eventserver\eventserver.git\src\eventserver.tests\bin\debug\eventserver.tests.dll" id="976c72ea-0f0f-4e52-a80d-f2e6b66b69d0">
      <Execution id="19cccc25-1b14-44c6-b4c1-44cc974ffee9" />
      <TestMethod codeBase="D:\Code\Fun\EventServer\EventServer.git\src\EventServer.Tests\bin\Debug\EventServer.Tests.dll" adapterTypeName="Microsoft.VisualStudio.TestTools.TestTypes.Unit.UnitTestAdapter, Microsoft.VisualStudio.QualityTools.Tips.UnitTest.Adapter, Version=10.0.0.0, Culture=neutral, PublicKeyToken=b03f5f7f11d50a3a" className="EventServer.Tests.ExtensionMethodsTests.SerializationTests, EventServer.Tests" name="Can_deserialize_into_object_with_missing_properties" />
    </UnitTest>
    <UnitTest name="LogOn_Post_ReturnsViewIfValidateUserFails" storage="d:\code\fun\eventserver\eventserver.git\src\eventserver.tests\bin\debug\eventserver.tests.dll" id="f669633c-9f3a-cb5e-f8f9-0366a2880d68">
      <Execution id="ffc8d7b2-c69a-4a10-95bd-8efd8f3b43e5" />
      <TestMethod codeBase="D:\Code\Fun\EventServer\EventServer.git\src\EventServer.Tests\bin\Debug\EventServer.Tests.dll" adapterTypeName="Microsoft.VisualStudio.TestTools.TestTypes.Unit.UnitTestAdapter, Microsoft.VisualStudio.QualityTools.Tips.UnitTest.Adapter, Version=10.0.0.0, Culture=neutral, PublicKeyToken=b03f5f7f11d50a3a" className="EventServer.Tests.Controllers.AccountControllerTest, EventServer.Tests" name="LogOn_Post_ReturnsViewIfValidateUserFails" />
    </UnitTest>
    <UnitTest name="About" storage="d:\code\fun\eventserver\eventserver.git\src\eventserver.tests\bin\debug\eventserver.tests.dll" id="3c2ad0e0-98f5-ca2a-69e9-6e02853b9490">
      <Execution id="eecbd15c-5766-473b-a741-5d6646ebd8d7" />
      <TestMethod codeBase="D:\Code\Fun\EventServer\EventServer.git\src\EventServer.Tests\bin\Debug\EventServer.Tests.dll" adapterTypeName="Microsoft.VisualStudio.TestTools.TestTypes.Unit.UnitTestAdapter, Microsoft.VisualStudio.QualityTools.Tips.UnitTest.Adapter, Version=10.0.0.0, Culture=neutral, PublicKeyToken=b03f5f7f11d50a3a" className="EventServer.Tests.Controllers.HomeControllerTest, EventServer.Tests" name="About" />
    </UnitTest>
    <UnitTest name="Index" storage="d:\code\fun\eventserver\eventserver.git\src\eventserver.tests\bin\debug\eventserver.tests.dll" id="e9429a48-4fda-6c3f-e3e0-c45cb0402376">
      <Execution id="1e269c23-f8da-4c1d-bb75-0003efe12d71" />
      <TestMethod codeBase="D:\Code\Fun\EventServer\EventServer.git\src\EventServer.Tests\bin\Debug\EventServer.Tests.dll" adapterTypeName="Microsoft.VisualStudio.TestTools.TestTypes.Unit.UnitTestAdapter, Microsoft.VisualStudio.QualityTools.Tips.UnitTest.Adapter, Version=10.0.0.0, Culture=neutral, PublicKeyToken=b03f5f7f11d50a3a" className="EventServer.Tests.Controllers.HomeControllerTest, EventServer.Tests" name="Index" />
    </UnitTest>
    <UnitTest name="ChangePassword_Post_ReturnsRedirectOnSuccess" storage="d:\code\fun\eventserver\eventserver.git\src\eventserver.tests\bin\debug\eventserver.tests.dll" id="45e03c47-4619-cccc-95f8-b692d7473630">
      <Execution id="f10fb8d0-6e6f-4656-8e37-01c179dfdde1" />
      <TestMethod codeBase="D:\Code\Fun\EventServer\EventServer.git\src\EventServer.Tests\bin\Debug\EventServer.Tests.dll" adapterTypeName="Microsoft.VisualStudio.TestTools.TestTypes.Unit.UnitTestAdapter, Microsoft.VisualStudio.QualityTools.Tips.UnitTest.Adapter, Version=10.0.0.0, Culture=neutral, PublicKeyToken=b03f5f7f11d50a3a" className="EventServer.Tests.Controllers.AccountControllerTest, EventServer.Tests" name="ChangePassword_Post_ReturnsRedirectOnSuccess" />
    </UnitTest>
    <UnitTest name="ChangePasswordSuccess_ReturnsView" storage="d:\code\fun\eventserver\eventserver.git\src\eventserver.tests\bin\debug\eventserver.tests.dll" id="535c2d41-2db5-f950-9001-5a3179010fc6">
      <Execution id="2d4adabe-4179-4a85-90ec-e90b7cb5670b" />
      <TestMethod codeBase="D:\Code\Fun\EventServer\EventServer.git\src\EventServer.Tests\bin\Debug\EventServer.Tests.dll" adapterTypeName="Microsoft.VisualStudio.TestTools.TestTypes.Unit.UnitTestAdapter, Microsoft.VisualStudio.QualityTools.Tips.UnitTest.Adapter, Version=10.0.0.0, Culture=neutral, PublicKeyToken=b03f5f7f11d50a3a" className="EventServer.Tests.Controllers.AccountControllerTest, EventServer.Tests" name="ChangePasswordSuccess_ReturnsView" />
    </UnitTest>
    <UnitTest name="LogOn_Post_ReturnsRedirectOnSuccess_WithoutReturnUrl" storage="d:\code\fun\eventserver\eventserver.git\src\eventserver.tests\bin\debug\eventserver.tests.dll" id="a92e2087-2298-f241-499b-52563de17c37">
      <Execution id="71762f14-0b4b-4467-870c-e87e737a0dd0" />
      <TestMethod codeBase="D:\Code\Fun\EventServer\EventServer.git\src\EventServer.Tests\bin\Debug\EventServer.Tests.dll" adapterTypeName="Microsoft.VisualStudio.TestTools.TestTypes.Unit.UnitTestAdapter, Microsoft.VisualStudio.QualityTools.Tips.UnitTest.Adapter, Version=10.0.0.0, Culture=neutral, PublicKeyToken=b03f5f7f11d50a3a" className="EventServer.Tests.Controllers.AccountControllerTest, EventServer.Tests" name="LogOn_Post_ReturnsRedirectOnSuccess_WithoutReturnUrl" />
    </UnitTest>
    <UnitTest name="LogOn_Post_ReturnsRedirectOnSuccess_WithReturnUrl" storage="d:\code\fun\eventserver\eventserver.git\src\eventserver.tests\bin\debug\eventserver.tests.dll" id="ad24878c-5426-fcb5-24b9-55e28fae16a9">
      <Execution id="b4b329be-2834-4462-9bf9-43f018b5b5ab" />
      <TestMethod codeBase="D:\Code\Fun\EventServer\EventServer.git\src\EventServer.Tests\bin\Debug\EventServer.Tests.dll" adapterTypeName="Microsoft.VisualStudio.TestTools.TestTypes.Unit.UnitTestAdapter, Microsoft.VisualStudio.QualityTools.Tips.UnitTest.Adapter, Version=10.0.0.0, Culture=neutral, PublicKeyToken=b03f5f7f11d50a3a" className="EventServer.Tests.Controllers.AccountControllerTest, EventServer.Tests" name="LogOn_Post_ReturnsRedirectOnSuccess_WithReturnUrl" />
    </UnitTest>
    <UnitTest name="LogOn_Get_ReturnsView" storage="d:\code\fun\eventserver\eventserver.git\src\eventserver.tests\bin\debug\eventserver.tests.dll" id="39d83ac1-4842-46bd-97f1-f635e6fc8658">
      <Execution id="c2fae525-0406-490d-801a-bc6e42baefd4" />
      <TestMethod codeBase="D:\Code\Fun\EventServer\EventServer.git\src\EventServer.Tests\bin\Debug\EventServer.Tests.dll" adapterTypeName="Microsoft.VisualStudio.TestTools.TestTypes.Unit.UnitTestAdapter, Microsoft.VisualStudio.QualityTools.Tips.UnitTest.Adapter, Version=10.0.0.0, Culture=neutral, PublicKeyToken=b03f5f7f11d50a3a" className="EventServer.Tests.Controllers.AccountControllerTest, EventServer.Tests" name="LogOn_Get_ReturnsView" />
    </UnitTest>
    <UnitTest name="Should_not_get_next_hi_until_out_of_low" storage="d:\code\fun\eventserver\eventserver.git\src\eventserver.tests\bin\debug\eventserver.tests.dll" id="971ce027-2ea5-2350-eb6c-256a8a27e42b">
      <Execution id="d662716b-97f0-432e-8b18-f0bbea76e7b8" />
      <TestMethod codeBase="D:\Code\Fun\EventServer\EventServer.git\src\EventServer.Tests\bin\Debug\EventServer.Tests.dll" adapterTypeName="Microsoft.VisualStudio.TestTools.TestTypes.Unit.UnitTestAdapter, Microsoft.VisualStudio.QualityTools.Tips.UnitTest.Adapter, Version=10.0.0.0, Culture=neutral, PublicKeyToken=b03f5f7f11d50a3a" className="EventServer.Tests.Core.IdGeneratorTests.When_getting_new_ids, EventServer.Tests" name="Should_not_get_next_hi_until_out_of_low" />
    </UnitTest>
    <UnitTest name="Can_deserialzie_simple_object" storage="d:\code\fun\eventserver\eventserver.git\src\eventserver.tests\bin\debug\eventserver.tests.dll" id="435e5a1a-cc19-9b6f-4846-139591fe8353">
      <Execution id="3c271378-799a-4adf-85d1-2bf24f9665ac" />
      <TestMethod codeBase="D:\Code\Fun\EventServer\EventServer.git\src\EventServer.Tests\bin\Debug\EventServer.Tests.dll" adapterTypeName="Microsoft.VisualStudio.TestTools.TestTypes.Unit.UnitTestAdapter, Microsoft.VisualStudio.QualityTools.Tips.UnitTest.Adapter, Version=10.0.0.0, Culture=neutral, PublicKeyToken=b03f5f7f11d50a3a" className="EventServer.Tests.ExtensionMethodsTests.SerializationTests, EventServer.Tests" name="Can_deserialzie_simple_object" />
    </UnitTest>
    <UnitTest name="Can_serialize_simple_object" storage="d:\code\fun\eventserver\eventserver.git\src\eventserver.tests\bin\debug\eventserver.tests.dll" id="63ff5f45-b3df-2233-825b-bd457966a577">
      <Execution id="0f26d53a-ea03-492a-baa9-807bb14154a8" />
      <TestMethod codeBase="D:\Code\Fun\EventServer\EventServer.git\src\EventServer.Tests\bin\Debug\EventServer.Tests.dll" adapterTypeName="Microsoft.VisualStudio.TestTools.TestTypes.Unit.UnitTestAdapter, Microsoft.VisualStudio.QualityTools.Tips.UnitTest.Adapter, Version=10.0.0.0, Culture=neutral, PublicKeyToken=b03f5f7f11d50a3a" className="EventServer.Tests.ExtensionMethodsTests.SerializationTests, EventServer.Tests" name="Can_serialize_simple_object" />
    </UnitTest>
    <UnitTest name="Register_Get_ReturnsView" storage="d:\code\fun\eventserver\eventserver.git\src\eventserver.tests\bin\debug\eventserver.tests.dll" id="e417ecdc-d15c-9934-8e27-d55a69b70ab1">
      <Execution id="bd8dd7fb-f079-4300-afef-3ce4bfb4a59f" />
      <TestMethod codeBase="D:\Code\Fun\EventServer\EventServer.git\src\EventServer.Tests\bin\Debug\EventServer.Tests.dll" adapterTypeName="Microsoft.VisualStudio.TestTools.TestTypes.Unit.UnitTestAdapter, Microsoft.VisualStudio.QualityTools.Tips.UnitTest.Adapter, Version=10.0.0.0, Culture=neutral, PublicKeyToken=b03f5f7f11d50a3a" className="EventServer.Tests.Controllers.AccountControllerTest, EventServer.Tests" name="Register_Get_ReturnsView" />
    </UnitTest>
    <UnitTest name="LogOff_LogsOutAndRedirects" storage="d:\code\fun\eventserver\eventserver.git\src\eventserver.tests\bin\debug\eventserver.tests.dll" id="1ca7ec9c-36ea-77ab-5232-7b59ac6deaec">
      <Execution id="e405354d-fb92-42f4-9fe4-de39cda56a28" />
      <TestMethod codeBase="D:\Code\Fun\EventServer\EventServer.git\src\EventServer.Tests\bin\Debug\EventServer.Tests.dll" adapterTypeName="Microsoft.VisualStudio.TestTools.TestTypes.Unit.UnitTestAdapter, Microsoft.VisualStudio.QualityTools.Tips.UnitTest.Adapter, Version=10.0.0.0, Culture=neutral, PublicKeyToken=b03f5f7f11d50a3a" className="EventServer.Tests.Controllers.AccountControllerTest, EventServer.Tests" name="LogOff_LogsOutAndRedirects" />
    </UnitTest>
    <UnitTest name="Register_Post_ReturnsViewIfRegistrationFails" storage="d:\code\fun\eventserver\eventserver.git\src\eventserver.tests\bin\debug\eventserver.tests.dll" id="74031738-0d9a-2d0b-b06e-b5bd8be1f17a">
      <Execution id="d8cdeaa0-6271-4df5-9022-9daa1ca6b078" />
      <TestMethod codeBase="D:\Code\Fun\EventServer\EventServer.git\src\EventServer.Tests\bin\Debug\EventServer.Tests.dll" adapterTypeName="Microsoft.VisualStudio.TestTools.TestTypes.Unit.UnitTestAdapter, Microsoft.VisualStudio.QualityTools.Tips.UnitTest.Adapter, Version=10.0.0.0, Culture=neutral, PublicKeyToken=b03f5f7f11d50a3a" className="EventServer.Tests.Controllers.AccountControllerTest, EventServer.Tests" name="Register_Post_ReturnsViewIfRegistrationFails" />
    </UnitTest>
    <UnitTest name="ChangePassword_Post_ReturnsViewIfChangePasswordFails" storage="d:\code\fun\eventserver\eventserver.git\src\eventserver.tests\bin\debug\eventserver.tests.dll" id="8ac4f8d6-391b-2c81-158f-92cdfa632e1c">
      <Execution id="70b087e4-96e5-426d-8a27-bb6a8cbd3208" />
      <TestMethod codeBase="D:\Code\Fun\EventServer\EventServer.git\src\EventServer.Tests\bin\Debug\EventServer.Tests.dll" adapterTypeName="Microsoft.VisualStudio.TestTools.TestTypes.Unit.UnitTestAdapter, Microsoft.VisualStudio.QualityTools.Tips.UnitTest.Adapter, Version=10.0.0.0, Culture=neutral, PublicKeyToken=b03f5f7f11d50a3a" className="EventServer.Tests.Controllers.AccountControllerTest, EventServer.Tests" name="ChangePassword_Post_ReturnsViewIfChangePasswordFails" />
    </UnitTest>
  </TestDefinitions>
  <TestLists>
    <TestList name="Results Not in a List" id="8c84fa94-04c1-424b-9868-57a2d4851a1d" />
    <TestList name="All Loaded Results" id="19431567-8539-422a-85d7-44ee4e166bda" />
  </TestLists>
  <TestEntries>
    <TestEntry testId="00bb40d4-4eae-f4bd-6457-e2e20288c636" executionId="fb8ed9e1-ef3f-4dd3-8b93-c81eea40d539" testListId="8c84fa94-04c1-424b-9868-57a2d4851a1d" />
    <TestEntry testId="1ca7ec9c-36ea-77ab-5232-7b59ac6deaec" executionId="e405354d-fb92-42f4-9fe4-de39cda56a28" testListId="8c84fa94-04c1-424b-9868-57a2d4851a1d" />
    <TestEntry testId="39d83ac1-4842-46bd-97f1-f635e6fc8658" executionId="c2fae525-0406-490d-801a-bc6e42baefd4" testListId="8c84fa94-04c1-424b-9868-57a2d4851a1d" />
    <TestEntry testId="3c2ad0e0-98f5-ca2a-69e9-6e02853b9490" executionId="eecbd15c-5766-473b-a741-5d6646ebd8d7" testListId="8c84fa94-04c1-424b-9868-57a2d4851a1d" />
    <TestEntry testId="435e5a1a-cc19-9b6f-4846-139591fe8353" executionId="3c271378-799a-4adf-85d1-2bf24f9665ac" testListId="8c84fa94-04c1-424b-9868-57a2d4851a1d" />
    <TestEntry testId="45e03c47-4619-cccc-95f8-b692d7473630" executionId="f10fb8d0-6e6f-4656-8e37-01c179dfdde1" testListId="8c84fa94-04c1-424b-9868-57a2d4851a1d" />
    <TestEntry testId="535c2d41-2db5-f950-9001-5a3179010fc6" executionId="2d4adabe-4179-4a85-90ec-e90b7cb5670b" testListId="8c84fa94-04c1-424b-9868-57a2d4851a1d" />
    <TestEntry testId="63ff5f45-b3df-2233-825b-bd457966a577" executionId="0f26d53a-ea03-492a-baa9-807bb14154a8" testListId="8c84fa94-04c1-424b-9868-57a2d4851a1d" />
    <TestEntry testId="6b0b77b8-93b2-557e-c9c9-adb3fc24f2dd" executionId="09ccac87-84d4-4c7e-a119-9f847ea87b63" testListId="8c84fa94-04c1-424b-9868-57a2d4851a1d" />
    <TestEntry testId="71a06554-1be1-78da-36c6-15ae22f77bf8" executionId="0790dd3c-e5db-425e-a1d2-fb10413b3685" testListId="8c84fa94-04c1-424b-9868-57a2d4851a1d" />
    <TestEntry testId="74031738-0d9a-2d0b-b06e-b5bd8be1f17a" executionId="d8cdeaa0-6271-4df5-9022-9daa1ca6b078" testListId="8c84fa94-04c1-424b-9868-57a2d4851a1d" />
    <TestEntry testId="87c4c742-10dd-164c-7627-63c27963fbe0" executionId="e8c95aa2-b922-4387-80e4-c622f4f9b23b" testListId="8c84fa94-04c1-424b-9868-57a2d4851a1d" />
    <TestEntry testId="8ac4f8d6-391b-2c81-158f-92cdfa632e1c" executionId="70b087e4-96e5-426d-8a27-bb6a8cbd3208" testListId="8c84fa94-04c1-424b-9868-57a2d4851a1d" />
    <TestEntry testId="971ce027-2ea5-2350-eb6c-256a8a27e42b" executionId="d662716b-97f0-432e-8b18-f0bbea76e7b8" testListId="8c84fa94-04c1-424b-9868-57a2d4851a1d" />
    <TestEntry testId="976c72ea-0f0f-4e52-a80d-f2e6b66b69d0" executionId="19cccc25-1b14-44c6-b4c1-44cc974ffee9" testListId="8c84fa94-04c1-424b-9868-57a2d4851a1d" />
    <TestEntry testId="98968efc-863c-8111-be46-b43a76bccbfe" executionId="a0cef0ce-de15-4ec2-9f67-8da7a8d1940a" testListId="8c84fa94-04c1-424b-9868-57a2d4851a1d" />
    <TestEntry testId="a92e2087-2298-f241-499b-52563de17c37" executionId="71762f14-0b4b-4467-870c-e87e737a0dd0" testListId="8c84fa94-04c1-424b-9868-57a2d4851a1d" />
    <TestEntry testId="ad24878c-5426-fcb5-24b9-55e28fae16a9" executionId="b4b329be-2834-4462-9bf9-43f018b5b5ab" testListId="8c84fa94-04c1-424b-9868-57a2d4851a1d" />
    <TestEntry testId="e417ecdc-d15c-9934-8e27-d55a69b70ab1" executionId="bd8dd7fb-f079-4300-afef-3ce4bfb4a59f" testListId="8c84fa94-04c1-424b-9868-57a2d4851a1d" />
    <TestEntry testId="e9429a48-4fda-6c3f-e3e0-c45cb0402376" executionId="1e269c23-f8da-4c1d-bb75-0003efe12d71" testListId="8c84fa94-04c1-424b-9868-57a2d4851a1d" />
    <TestEntry testId="f669633c-9f3a-cb5e-f8f9-0366a2880d68" executionId="ffc8d7b2-c69a-4a10-95bd-8efd8f3b43e5" testListId="8c84fa94-04c1-424b-9868-57a2d4851a1d" />
    <TestEntry testId="f7c995b3-edd6-e63c-f3ee-411e16612ce1" executionId="5e59bf7c-cf1e-486f-969a-ab54f0eec8e4" testListId="8c84fa94-04c1-424b-9868-57a2d4851a1d" />
    <TestEntry testId="fb367bb1-a3b9-0d11-5961-23f8b263f8f5" executionId="8329b9cc-9239-42ef-8f5b-a6cc365eb143" testListId="8c84fa94-04c1-424b-9868-57a2d4851a1d" />
  </TestEntries>
  <Results>
    <UnitTestResult executionId="fb8ed9e1-ef3f-4dd3-8b93-c81eea40d539" testId="00bb40d4-4eae-f4bd-6457-e2e20288c636" testName="Should_get_next_hi_on_first_pull" computerName="DEVLIN-LAPTOP" duration="00:00:00.0154333" startTime="2011-03-25T00:34:29.5260926-05:00" endTime="2011-03-25T00:34:29.7541057-05:00" testType="13cdc9d9-ddb5-4fa4-a97d-d965ccfc6d4b" outcome="Passed" testListId="8c84fa94-04c1-424b-9868-57a2d4851a1d" relativeResultsDirectory="fb8ed9e1-ef3f-4dd3-8b93-c81eea40d539">
    </UnitTestResult>
    <UnitTestResult executionId="e405354d-fb92-42f4-9fe4-de39cda56a28" testId="1ca7ec9c-36ea-77ab-5232-7b59ac6deaec" testName="LogOff_LogsOutAndRedirects" computerName="DEVLIN-LAPTOP" duration="00:00:00.0673753" startTime="2011-03-25T00:34:29.7561058-05:00" endTime="2011-03-25T00:34:29.8271098-05:00" testType="13cdc9d9-ddb5-4fa4-a97d-d965ccfc6d4b" outcome="Passed" testListId="8c84fa94-04c1-424b-9868-57a2d4851a1d" relativeResultsDirectory="e405354d-fb92-42f4-9fe4-de39cda56a28">
    </UnitTestResult>
    <UnitTestResult executionId="c2fae525-0406-490d-801a-bc6e42baefd4" testId="39d83ac1-4842-46bd-97f1-f635e6fc8658" testName="LogOn_Get_ReturnsView" computerName="DEVLIN-LAPTOP" duration="00:00:00.0005898" startTime="2011-03-25T00:34:29.8291100-05:00" endTime="2011-03-25T00:34:29.8331102-05:00" testType="13cdc9d9-ddb5-4fa4-a97d-d965ccfc6d4b" outcome="Passed" testListId="8c84fa94-04c1-424b-9868-57a2d4851a1d" relativeResultsDirectory="c2fae525-0406-490d-801a-bc6e42baefd4">
    </UnitTestResult>
    <UnitTestResult executionId="eecbd15c-5766-473b-a741-5d6646ebd8d7" testId="3c2ad0e0-98f5-ca2a-69e9-6e02853b9490" testName="About" computerName="DEVLIN-LAPTOP" duration="00:00:00.1590200" startTime="2011-03-25T00:34:29.8351103-05:00" endTime="2011-03-25T00:34:29.9971196-05:00" testType="13cdc9d9-ddb5-4fa4-a97d-d965ccfc6d4b" outcome="Passed" testListId="8c84fa94-04c1-424b-9868-57a2d4851a1d" relativeResultsDirectory="eecbd15c-5766-473b-a741-5d6646ebd8d7">
    </UnitTestResult>
    <UnitTestResult executionId="3c271378-799a-4adf-85d1-2bf24f9665ac" testId="435e5a1a-cc19-9b6f-4846-139591fe8353" testName="Can_deserialzie_simple_object" computerName="DEVLIN-LAPTOP" duration="00:00:00.2026846" startTime="2011-03-25T00:34:30.0001197-05:00" endTime="2011-03-25T00:34:30.2051315-05:00" testType="13cdc9d9-ddb5-4fa4-a97d-d965ccfc6d4b" outcome="Passed" testListId="8c84fa94-04c1-424b-9868-57a2d4851a1d" relativeResultsDirectory="3c271378-799a-4adf-85d1-2bf24f9665ac">
    </UnitTestResult>
    <UnitTestResult executionId="f10fb8d0-6e6f-4656-8e37-01c179dfdde1" testId="45e03c47-4619-cccc-95f8-b692d7473630" testName="ChangePassword_Post_ReturnsRedirectOnSuccess" computerName="DEVLIN-LAPTOP" duration="00:00:00.0021592" startTime="2011-03-25T00:34:30.2101317-05:00" endTime="2011-03-25T00:34:30.2151320-05:00" testType="13cdc9d9-ddb5-4fa4-a97d-d965ccfc6d4b" outcome="Passed" testListId="8c84fa94-04c1-424b-9868-57a2d4851a1d" relativeResultsDirectory="f10fb8d0-6e6f-4656-8e37-01c179dfdde1">
    </UnitTestResult>
    <UnitTestResult executionId="2d4adabe-4179-4a85-90ec-e90b7cb5670b" testId="535c2d41-2db5-f950-9001-5a3179010fc6" testName="ChangePasswordSuccess_ReturnsView" computerName="DEVLIN-LAPTOP" duration="00:00:00.0002943" startTime="2011-03-25T00:34:30.2171322-05:00" endTime="2011-03-25T00:34:30.2211324-05:00" testType="13cdc9d9-ddb5-4fa4-a97d-d965ccfc6d4b" outcome="Passed" testListId="8c84fa94-04c1-424b-9868-57a2d4851a1d" relativeResultsDirectory="2d4adabe-4179-4a85-90ec-e90b7cb5670b">
    </UnitTestResult>
    <UnitTestResult executionId="0f26d53a-ea03-492a-baa9-807bb14154a8" testId="63ff5f45-b3df-2233-825b-bd457966a577" testName="Can_serialize_simple_object" computerName="DEVLIN-LAPTOP" duration="00:00:00.0020348" startTime="2011-03-25T00:34:30.2221324-05:00" endTime="2011-03-25T00:34:30.2271327-05:00" testType="13cdc9d9-ddb5-4fa4-a97d-d965ccfc6d4b" outcome="Passed" testListId="8c84fa94-04c1-424b-9868-57a2d4851a1d" relativeResultsDirectory="0f26d53a-ea03-492a-baa9-807bb14154a8">
    </UnitTestResult>
    <UnitTestResult executionId="09ccac87-84d4-4c7e-a119-9f847ea87b63" testId="6b0b77b8-93b2-557e-c9c9-adb3fc24f2dd" testName="LogOn_Post_ReturnsViewIfModelStateIsInvalid" computerName="DEVLIN-LAPTOP" duration="00:00:00.0012863" startTime="2011-03-25T00:34:30.2291328-05:00" endTime="2011-03-25T00:34:30.2331331-05:00" testType="13cdc9d9-ddb5-4fa4-a97d-d965ccfc6d4b" outcome="Passed" testListId="8c84fa94-04c1-424b-9868-57a2d4851a1d" relativeResultsDirectory="09ccac87-84d4-4c7e-a119-9f847ea87b63">
    </UnitTestResult>
    <UnitTestResult executionId="0790dd3c-e5db-425e-a1d2-fb10413b3685" testId="71a06554-1be1-78da-36c6-15ae22f77bf8" testName="ChangePassword_Get_ReturnsView" computerName="DEVLIN-LAPTOP" duration="00:00:00.0084445" startTime="2011-03-25T00:34:30.2351332-05:00" endTime="2011-03-25T00:34:30.2471339-05:00" testType="13cdc9d9-ddb5-4fa4-a97d-d965ccfc6d4b" outcome="Passed" testListId="8c84fa94-04c1-424b-9868-57a2d4851a1d" relativeResultsDirectory="0790dd3c-e5db-425e-a1d2-fb10413b3685">
    </UnitTestResult>
    <UnitTestResult executionId="d8cdeaa0-6271-4df5-9022-9daa1ca6b078" testId="74031738-0d9a-2d0b-b06e-b5bd8be1f17a" testName="Register_Post_ReturnsViewIfRegistrationFails" computerName="DEVLIN-LAPTOP" duration="00:00:00.0026312" startTime="2011-03-25T00:34:30.2491340-05:00" endTime="2011-03-25T00:34:30.2541343-05:00" testType="13cdc9d9-ddb5-4fa4-a97d-d965ccfc6d4b" outcome="Passed" testListId="8c84fa94-04c1-424b-9868-57a2d4851a1d" relativeResultsDirectory="d8cdeaa0-6271-4df5-9022-9daa1ca6b078">
    </UnitTestResult>
    <UnitTestResult executionId="e8c95aa2-b922-4387-80e4-c622f4f9b23b" testId="87c4c742-10dd-164c-7627-63c27963fbe0" testName="Register_Post_ReturnsRedirectOnSuccess" computerName="DEVLIN-LAPTOP" duration="00:00:00.0231422" startTime="2011-03-25T00:34:30.2571344-05:00" endTime="2011-03-25T00:34:30.2831359-05:00" testType="13cdc9d9-ddb5-4fa4-a97d-d965ccfc6d4b" outcome="Passed" testListId="8c84fa94-04c1-424b-9868-57a2d4851a1d" relativeResultsDirectory="e8c95aa2-b922-4387-80e4-c622f4f9b23b">
    </UnitTestResult>
    <UnitTestResult executionId="70b087e4-96e5-426d-8a27-bb6a8cbd3208" testId="8ac4f8d6-391b-2c81-158f-92cdfa632e1c" testName="ChangePassword_Post_ReturnsViewIfChangePasswordFails" computerName="DEVLIN-LAPTOP" duration="00:00:00.0004595" startTime="2011-03-25T00:34:30.2861361-05:00" endTime="2011-03-25T00:34:30.2891363-05:00" testType="13cdc9d9-ddb5-4fa4-a97d-d965ccfc6d4b" outcome="Passed" testListId="8c84fa94-04c1-424b-9868-57a2d4851a1d" relativeResultsDirectory="70b087e4-96e5-426d-8a27-bb6a8cbd3208">
    </UnitTestResult>
    <UnitTestResult executionId="d662716b-97f0-432e-8b18-f0bbea76e7b8" testId="971ce027-2ea5-2350-eb6c-256a8a27e42b" testName="Should_not_get_next_hi_until_out_of_low" computerName="DEVLIN-LAPTOP" duration="00:00:00.0006170" startTime="2011-03-25T00:34:30.2911364-05:00" endTime="2011-03-25T00:34:30.2951366-05:00" testType="13cdc9d9-ddb5-4fa4-a97d-d965ccfc6d4b" outcome="Passed" testListId="8c84fa94-04c1-424b-9868-57a2d4851a1d" relativeResultsDirectory="d662716b-97f0-432e-8b18-f0bbea76e7b8">
    </UnitTestResult>
    <UnitTestResult executionId="19cccc25-1b14-44c6-b4c1-44cc974ffee9" testId="976c72ea-0f0f-4e52-a80d-f2e6b66b69d0" testName="Can_deserialize_into_object_with_missing_properties" computerName="DEVLIN-LAPTOP" duration="00:00:00.1605515" startTime="2011-03-25T00:34:30.2961367-05:00" endTime="2011-03-25T00:34:30.4611461-05:00" testType="13cdc9d9-ddb5-4fa4-a97d-d965ccfc6d4b" outcome="Passed" testListId="8c84fa94-04c1-424b-9868-57a2d4851a1d" relativeResultsDirectory="19cccc25-1b14-44c6-b4c1-44cc974ffee9">
    </UnitTestResult>
    <UnitTestResult executionId="a0cef0ce-de15-4ec2-9f67-8da7a8d1940a" testId="98968efc-863c-8111-be46-b43a76bccbfe" testName="Can_deserialize_into_object_with_new_properties" computerName="DEVLIN-LAPTOP" duration="00:00:00.1706839" startTime="2011-03-25T00:34:30.4641463-05:00" endTime="2011-03-25T00:34:30.6381562-05:00" testType="13cdc9d9-ddb5-4fa4-a97d-d965ccfc6d4b" outcome="Passed" testListId="8c84fa94-04c1-424b-9868-57a2d4851a1d" relativeResultsDirectory="a0cef0ce-de15-4ec2-9f67-8da7a8d1940a">
    </UnitTestResult>
    <UnitTestResult executionId="71762f14-0b4b-4467-870c-e87e737a0dd0" testId="a92e2087-2298-f241-499b-52563de17c37" testName="LogOn_Post_ReturnsRedirectOnSuccess_WithoutReturnUrl" computerName="DEVLIN-LAPTOP" duration="00:00:00.0009043" startTime="2011-03-25T00:34:30.6401563-05:00" endTime="2011-03-25T00:34:30.6441566-05:00" testType="13cdc9d9-ddb5-4fa4-a97d-d965ccfc6d4b" outcome="Passed" testListId="8c84fa94-04c1-424b-9868-57a2d4851a1d" relativeResultsDirectory="71762f14-0b4b-4467-870c-e87e737a0dd0">
    </UnitTestResult>
    <UnitTestResult executionId="b4b329be-2834-4462-9bf9-43f018b5b5ab" testId="ad24878c-5426-fcb5-24b9-55e28fae16a9" testName="LogOn_Post_ReturnsRedirectOnSuccess_WithReturnUrl" computerName="DEVLIN-LAPTOP" duration="00:00:00.0003849" startTime="2011-03-25T00:34:30.6461567-05:00" endTime="2011-03-25T00:34:30.6491569-05:00" testType="13cdc9d9-ddb5-4fa4-a97d-d965ccfc6d4b" outcome="Passed" testListId="8c84fa94-04c1-424b-9868-57a2d4851a1d" relativeResultsDirectory="b4b329be-2834-4462-9bf9-43f018b5b5ab">
    </UnitTestResult>
    <UnitTestResult executionId="bd8dd7fb-f079-4300-afef-3ce4bfb4a59f" testId="e417ecdc-d15c-9934-8e27-d55a69b70ab1" testName="Register_Get_ReturnsView" computerName="DEVLIN-LAPTOP" duration="00:00:00.0003073" startTime="2011-03-25T00:34:30.6501569-05:00" endTime="2011-03-25T00:34:30.6531571-05:00" testType="13cdc9d9-ddb5-4fa4-a97d-d965ccfc6d4b" outcome="Passed" testListId="8c84fa94-04c1-424b-9868-57a2d4851a1d" relativeResultsDirectory="bd8dd7fb-f079-4300-afef-3ce4bfb4a59f">
    </UnitTestResult>
    <UnitTestResult executionId="1e269c23-f8da-4c1d-bb75-0003efe12d71" testId="e9429a48-4fda-6c3f-e3e0-c45cb0402376" testName="Index" computerName="DEVLIN-LAPTOP" duration="00:00:00.0309643" startTime="2011-03-25T00:34:30.6551572-05:00" endTime="2011-03-25T00:34:30.6881591-05:00" testType="13cdc9d9-ddb5-4fa4-a97d-d965ccfc6d4b" outcome="Passed" testListId="8c84fa94-04c1-424b-9868-57a2d4851a1d" relativeResultsDirectory="1e269c23-f8da-4c1d-bb75-0003efe12d71">
    </UnitTestResult>
    <UnitTestResult executionId="ffc8d7b2-c69a-4a10-95bd-8efd8f3b43e5" testId="f669633c-9f3a-cb5e-f8f9-0366a2880d68" testName="LogOn_Post_ReturnsViewIfValidateUserFails" computerName="DEVLIN-LAPTOP" duration="00:00:00.0004471" startTime="2011-03-25T00:34:30.6901592-05:00" endTime="2011-03-25T00:34:30.6931594-05:00" testType="13cdc9d9-ddb5-4fa4-a97d-d965ccfc6d4b" outcome="Passed" testListId="8c84fa94-04c1-424b-9868-57a2d4851a1d" relativeResultsDirectory="ffc8d7b2-c69a-4a10-95bd-8efd8f3b43e5">
    </UnitTestResult>
    <UnitTestResult executionId="5e59bf7c-cf1e-486f-969a-ab54f0eec8e4" testId="f7c995b3-edd6-e63c-f3ee-411e16612ce1" testName="ChangePassword_Post_ReturnsViewIfModelStateIsInvalid" computerName="DEVLIN-LAPTOP" duration="00:00:00.0003363" startTime="2011-03-25T00:34:30.6951595-05:00" endTime="2011-03-25T00:34:30.6981597-05:00" testType="13cdc9d9-ddb5-4fa4-a97d-d965ccfc6d4b" outcome="Passed" testListId="8c84fa94-04c1-424b-9868-57a2d4851a1d" relativeResultsDirectory="5e59bf7c-cf1e-486f-969a-ab54f0eec8e4">
    </UnitTestResult>
    <UnitTestResult executionId="8329b9cc-9239-42ef-8f5b-a6cc365eb143" testId="fb367bb1-a3b9-0d11-5961-23f8b263f8f5" testName="Register_Post_ReturnsViewIfModelStateIsInvalid" computerName="DEVLIN-LAPTOP" duration="00:00:00.0003304" startTime="2011-03-25T00:34:30.7001598-05:00" endTime="2011-03-25T00:34:30.7031599-05:00" testType="13cdc9d9-ddb5-4fa4-a97d-d965ccfc6d4b" outcome="Passed" testListId="8c84fa94-04c1-424b-9868-57a2d4851a1d" relativeResultsDirectory="8329b9cc-9239-42ef-8f5b-a6cc365eb143">
    </UnitTestResult>
  </Results>
</TestRun>