<?xml version="1.0" encoding="UTF-8"?>
<TestRun id="e59c21d6-1256-4a02-971f-3d7efec958a4" name="Devlin@DEVLIN-LAPTOP 2011-03-27 12:27:18" runUser="Devlin-Laptop\Devlin" xmlns="http://microsoft.com/schemas/VisualStudio/TeamTest/2010">
  <TestSettings name="Default Test Settings" id="3f1d91a9-c388-42fa-9e3b-ffef432f9539">
    <Deployment userDeploymentRoot="D:\Code\Fun\RoundTable\EventServer\EventServer.git\src\TestResults" useDefaultDeploymentRoot="false" runDeploymentRoot="Devlin_DEVLIN-LAPTOP 2011-03-27 12_27_18">
      <DeploymentItem filename="D:\Code\Fun\RoundTable\EventServer\EventServer.git\src\EventServer.Build\Dependancies\RhinoMocks\Rhino.Mocks.dll" />
      <DeploymentItem filename="D:\Code\Fun\RoundTable\EventServer\EventServer.git\src\EventServer.Build\Dependancies\MvcContrib\MvcContrib.TestHelper.dll" />
      <DeploymentItem filename="D:\Code\Fun\RoundTable\EventServer\EventServer.git\src\EventServer.Core\bin\Debug\EventServer.Core.dll" />
      <DeploymentItem filename="D:\Code\Fun\RoundTable\EventServer\EventServer.git\src\EventServer.Infrastructure\bin\Debug\EventServer.Infrastructure.dll" />
      <DeploymentItem filename="D:\Code\Fun\RoundTable\EventServer\EventServer.git\src\EventServer.UI\bin\EventServer.UI.dll" />
    </Deployment>
    <Execution>
      <TestTypeSpecific />
      <AgentRule name="Execution Agents">
      </AgentRule>
    </Execution>
  </TestSettings>
  <Times creation="2011-03-27T12:27:18.5899828-05:00" queuing="2011-03-27T12:27:22.8412260-05:00" start="2011-03-27T12:27:23.1442433-05:00" finish="2011-03-27T12:27:56.8581716-05:00" />
  <ResultSummary outcome="Error">
    <Counters total="1" executed="1" error="0" failed="0" timeout="0" aborted="1" inconclusive="0" passedButRunAborted="0" notRunnable="0" notExecuted="0" disconnected="0" warning="0" passed="0" completed="0" inProgress="0" pending="0" />
    <RunInfos>
      <RunInfo computerName="DEVLIN-LAPTOP" outcome="Error" timestamp="2011-03-27T12:27:56.8571716-05:00">
        <Text>Test host process exited unexpectedly.</Text>
      </RunInfo>
    </RunInfos>
  </ResultSummary>
  <TestDefinitions>
    <UnitTest name="Sessions_Return_With_A_Day_property_from_Model" storage="d:\code\fun\roundtable\eventserver\eventserver.git\src\eventserver.tests\bin\debug\eventserver.tests.dll" id="9ee52c2a-877f-d7b2-7b8f-e3db41930e3a">
      <Execution id="20ab0456-85f4-43d2-8fe7-a10fc3b64856" />
      <TestMethod codeBase="D:\Code\Fun\RoundTable\EventServer\EventServer.git\src\EventServer.Tests\bin\Debug\EventServer.Tests.dll" adapterTypeName="Microsoft.VisualStudio.TestTools.TestTypes.Unit.UnitTestAdapter, Microsoft.VisualStudio.QualityTools.Tips.UnitTest.Adapter, Version=10.0.0.0, Culture=neutral, PublicKeyToken=b03f5f7f11d50a3a" className="EventServer.Tests.Controllers.AdminControllerTests, EventServer.Tests" name="Sessions_Return_With_A_Day_property_from_Model" />
    </UnitTest>
  </TestDefinitions>
  <TestLists>
    <TestList name="Results Not in a List" id="8c84fa94-04c1-424b-9868-57a2d4851a1d" />
    <TestList name="All Loaded Results" id="19431567-8539-422a-85d7-44ee4e166bda" />
  </TestLists>
  <TestEntries>
    <TestEntry testId="9ee52c2a-877f-d7b2-7b8f-e3db41930e3a" executionId="20ab0456-85f4-43d2-8fe7-a10fc3b64856" testListId="8c84fa94-04c1-424b-9868-57a2d4851a1d" />
  </TestEntries>
  <Results>
    <UnitTestResult executionId="20ab0456-85f4-43d2-8fe7-a10fc3b64856" testId="9ee52c2a-877f-d7b2-7b8f-e3db41930e3a" testName="Sessions_Return_With_A_Day_property_from_Model" computerName="DEVLIN-LAPTOP" duration="00:00:33.1888983" startTime="2011-03-27T12:27:23.6692733-05:00" endTime="2011-03-27T12:27:56.8581716-05:00" testType="13cdc9d9-ddb5-4fa4-a97d-d965ccfc6d4b" outcome="Aborted" testListId="8c84fa94-04c1-424b-9868-57a2d4851a1d" relativeResultsDirectory="20ab0456-85f4-43d2-8fe7-a10fc3b64856">
    </UnitTestResult>
  </Results>
</TestRun>